// Vitest Snapshot v1, https://vitest.dev/guide/snapshot.html

exports[`buildBlogPostHeadings > should match snapshot (empty string) 1`] = `[]`;

exports[`buildBlogPostHeadings > should match snapshot (melting pot from hell) 1`] = `
[
  {
    "content": "BAR !",
    "depth": 1,
    "slug": "bar-",
  },
  {
    "content": "FOO !",
    "depth": 2,
    "slug": "foo-",
  },
  {
    "content": "BAR",
    "depth": 3,
    "slug": "bar",
  },
  {
    "content": "HAHAHAHA",
    "depth": 4,
    "slug": "hahahaha",
  },
  {
    "content": "HHHHAAAAAAAAAAAAAAAAAAAA",
    "depth": 5,
    "slug": "hhhhaaaaaaaaaaaaaaaaaaaa",
  },
  {
    "content": "HHHHHHHAAAAAAAAAAAAAAAAA",
    "depth": 6,
    "slug": "hhhhhhhaaaaaaaaaaaaaaaaa",
  },
  {
    "content": "HAHAHAHA",
    "depth": 4,
    "slug": "hahahaha-1",
  },
  {
    "content": "HHHHHHHAAAAAAAAAAAAAAAAA",
    "depth": 6,
    "slug": "hhhhhhhaaaaaaaaaaaaaaaaa-1",
  },
  {
    "content": "HHHHAAAAAAAAAAAAAAAAAAAA",
    "depth": 5,
    "slug": "hhhhaaaaaaaaaaaaaaaaaaaa-1",
  },
  {
    "content": "HHHHHHHAAAAAAAAAAAAAAAAA",
    "depth": 6,
    "slug": "hhhhhhhaaaaaaaaaaaaaaaaa-2",
  },
  {
    "content": "FOO !",
    "depth": 3,
    "slug": "foo--1",
  },
  {
    "content": "BAR ### ! ##",
    "depth": 1,
    "slug": "bar---",
  },
  {
    "content": "FOO !",
    "depth": 2,
    "slug": "foo--2",
  },
  {
    "content": "LOL",
    "depth": 1,
    "slug": "lol",
  },
  {
    "content": "LOL",
    "depth": 2,
    "slug": "lol-1",
  },
  {
    "content": "#### LOL",
    "depth": 2,
    "slug": "-lol",
  },
  {
    "content": "LOL",
    "depth": 3,
    "slug": "lol-2",
  },
  {
    "content": "LOL",
    "depth": 4,
    "slug": "lol-3",
  },
  {
    "content": "LOL",
    "depth": 5,
    "slug": "lol-4",
  },
  {
    "content": "LOL",
    "depth": 6,
    "slug": "lol-5",
  },
]
`;

exports[`buildBlogPostHeadings > should match snapshot (melting pot from hell, no heading linefeed) 1`] = `
[
  {
    "content": "BAR !",
    "depth": 1,
    "slug": "bar-",
  },
  {
    "content": "FOO !",
    "depth": 2,
    "slug": "foo-",
  },
  {
    "content": "BAR",
    "depth": 3,
    "slug": "bar",
  },
  {
    "content": "HAHAHAHA",
    "depth": 4,
    "slug": "hahahaha",
  },
  {
    "content": "HHHHAAAAAAAAAAAAAAAAAAAA",
    "depth": 5,
    "slug": "hhhhaaaaaaaaaaaaaaaaaaaa",
  },
  {
    "content": "HHHHHHHAAAAAAAAAAAAAAAAA",
    "depth": 6,
    "slug": "hhhhhhhaaaaaaaaaaaaaaaaa",
  },
  {
    "content": "HAHAHAHA",
    "depth": 4,
    "slug": "hahahaha-1",
  },
  {
    "content": "HHHHHHHAAAAAAAAAAAAAAAAA",
    "depth": 6,
    "slug": "hhhhhhhaaaaaaaaaaaaaaaaa-1",
  },
  {
    "content": "HHHHAAAAAAAAAAAAAAAAAAAA",
    "depth": 5,
    "slug": "hhhhaaaaaaaaaaaaaaaaaaaa-1",
  },
  {
    "content": "HHHHHHHAAAAAAAAAAAAAAAAA",
    "depth": 6,
    "slug": "hhhhhhhaaaaaaaaaaaaaaaaa-2",
  },
  {
    "content": "FOO !",
    "depth": 3,
    "slug": "foo--1",
  },
  {
    "content": "BAR ### ! ##",
    "depth": 1,
    "slug": "bar---",
  },
  {
    "content": "FOO !",
    "depth": 2,
    "slug": "foo--2",
  },
  {
    "content": "LOL",
    "depth": 1,
    "slug": "lol",
  },
  {
    "content": "LOL",
    "depth": 2,
    "slug": "lol-1",
  },
  {
    "content": "#### LOL",
    "depth": 2,
    "slug": "-lol",
  },
  {
    "content": "LOL",
    "depth": 3,
    "slug": "lol-2",
  },
  {
    "content": "LOL",
    "depth": 4,
    "slug": "lol-3",
  },
  {
    "content": "LOL",
    "depth": 5,
    "slug": "lol-4",
  },
  {
    "content": "LOL",
    "depth": 6,
    "slug": "lol-5",
  },
]
`;

exports[`buildBlogPostHeadings > should match snapshot (not a title) 1`] = `[]`;

exports[`buildBlogPostHeadings > should match snapshot (not a title, no heading linefeed) 1`] = `[]`;

exports[`buildBlogPostHeadings > should match snapshot (one title) 1`] = `
[
  {
    "content": "BAR !",
    "depth": 1,
    "slug": "bar-",
  },
]
`;

exports[`buildBlogPostHeadings > should match snapshot (one title, no heading linefeed) 1`] = `
[
  {
    "content": "BAR !",
    "depth": 1,
    "slug": "bar-",
  },
]
`;

exports[`buildBlogPostHeadings should match snapshot (empty string) 1`] = `[]`;

exports[`buildBlogPostHeadings should match snapshot (one title) 1`] = `
[
  {
    "content": "BAR !",
    "depth": 1,
    "slug": "bar-",
  },
]
`;

exports[`buildBlogPostHeadings should match snapshot (one title, no heading linefeed) 1`] = `
[
  {
    "content": "BAR !",
    "depth": 1,
    "slug": "bar-",
  },
]
`;

exports[`buildBlogPostHeadings should match snapshot (not a title) 1`] = `[]`;

exports[`buildBlogPostHeadings should match snapshot (not a title, no heading linefeed) 1`] = `[]`;

exports[`buildBlogPostHeadings should match snapshot (melting pot from hell) 1`] = `
[
  {
    "content": "BAR !",
    "depth": 1,
    "slug": "bar-",
  },
  {
    "content": "FOO !",
    "depth": 2,
    "slug": "foo-",
  },
  {
    "content": "BAR",
    "depth": 3,
    "slug": "bar",
  },
  {
    "content": "HAHAHAHA",
    "depth": 4,
    "slug": "hahahaha",
  },
  {
    "content": "HHHHAAAAAAAAAAAAAAAAAAAA",
    "depth": 5,
    "slug": "hhhhaaaaaaaaaaaaaaaaaaaa",
  },
  {
    "content": "HHHHHHHAAAAAAAAAAAAAAAAA",
    "depth": 6,
    "slug": "hhhhhhhaaaaaaaaaaaaaaaaa",
  },
  {
    "content": "HAHAHAHA",
    "depth": 4,
    "slug": "hahahaha-1",
  },
  {
    "content": "HHHHHHHAAAAAAAAAAAAAAAAA",
    "depth": 6,
    "slug": "hhhhhhhaaaaaaaaaaaaaaaaa-1",
  },
  {
    "content": "HHHHAAAAAAAAAAAAAAAAAAAA",
    "depth": 5,
    "slug": "hhhhaaaaaaaaaaaaaaaaaaaa-1",
  },
  {
    "content": "HHHHHHHAAAAAAAAAAAAAAAAA",
    "depth": 6,
    "slug": "hhhhhhhaaaaaaaaaaaaaaaaa-2",
  },
  {
    "content": "FOO !",
    "depth": 3,
    "slug": "foo--1",
  },
  {
    "content": "BAR ### ! ##",
    "depth": 1,
    "slug": "bar---",
  },
  {
    "content": "FOO !",
    "depth": 2,
    "slug": "foo--2",
  },
  {
    "content": "LOL",
    "depth": 1,
    "slug": "lol",
  },
  {
    "content": "LOL",
    "depth": 2,
    "slug": "lol-1",
  },
  {
    "content": "#### LOL",
    "depth": 2,
    "slug": "-lol",
  },
  {
    "content": "LOL",
    "depth": 3,
    "slug": "lol-2",
  },
  {
    "content": "LOL",
    "depth": 4,
    "slug": "lol-3",
  },
  {
    "content": "LOL",
    "depth": 5,
    "slug": "lol-4",
  },
  {
    "content": "LOL",
    "depth": 6,
    "slug": "lol-5",
  },
]
`;

exports[`buildBlogPostHeadings should match snapshot (melting pot from hell, no heading linefeed) 1`] = `
[
  {
    "content": "BAR !",
    "depth": 1,
    "slug": "bar-",
  },
  {
    "content": "FOO !",
    "depth": 2,
    "slug": "foo-",
  },
  {
    "content": "BAR",
    "depth": 3,
    "slug": "bar",
  },
  {
    "content": "HAHAHAHA",
    "depth": 4,
    "slug": "hahahaha",
  },
  {
    "content": "HHHHAAAAAAAAAAAAAAAAAAAA",
    "depth": 5,
    "slug": "hhhhaaaaaaaaaaaaaaaaaaaa",
  },
  {
    "content": "HHHHHHHAAAAAAAAAAAAAAAAA",
    "depth": 6,
    "slug": "hhhhhhhaaaaaaaaaaaaaaaaa",
  },
  {
    "content": "HAHAHAHA",
    "depth": 4,
    "slug": "hahahaha-1",
  },
  {
    "content": "HHHHHHHAAAAAAAAAAAAAAAAA",
    "depth": 6,
    "slug": "hhhhhhhaaaaaaaaaaaaaaaaa-1",
  },
  {
    "content": "HHHHAAAAAAAAAAAAAAAAAAAA",
    "depth": 5,
    "slug": "hhhhaaaaaaaaaaaaaaaaaaaa-1",
  },
  {
    "content": "HHHHHHHAAAAAAAAAAAAAAAAA",
    "depth": 6,
    "slug": "hhhhhhhaaaaaaaaaaaaaaaaa-2",
  },
  {
    "content": "FOO !",
    "depth": 3,
    "slug": "foo--1",
  },
  {
    "content": "BAR ### ! ##",
    "depth": 1,
    "slug": "bar---",
  },
  {
    "content": "FOO !",
    "depth": 2,
    "slug": "foo--2",
  },
  {
    "content": "LOL",
    "depth": 1,
    "slug": "lol",
  },
  {
    "content": "LOL",
    "depth": 2,
    "slug": "lol-1",
  },
  {
    "content": "#### LOL",
    "depth": 2,
    "slug": "-lol",
  },
  {
    "content": "LOL",
    "depth": 3,
    "slug": "lol-2",
  },
  {
    "content": "LOL",
    "depth": 4,
    "slug": "lol-3",
  },
  {
    "content": "LOL",
    "depth": 5,
    "slug": "lol-4",
  },
  {
    "content": "LOL",
    "depth": 6,
    "slug": "lol-5",
  },
]
`;
